// Jest Snapshot v1, https://goo.gl/fbAQLP

exports[`render badge 1`] = `
<span
  className="badge badge-success badge-pill"
>
  Sign Up
</span>
`;
